2025-09-28 00:23:00.284855 - User: mac - Path: /admin/
2025-09-28 00:23:08.847144 - User: mac - Path: /admin/chats/conversation/
2025-09-28 00:23:08.964286 - User: mac - Path: /admin/jsi18n/
2025-09-28 00:23:43.579387 - User: mac - Path: /api/
2025-09-28 00:23:48.102651 - User: mac - Path: /api/conversations/
2025-09-28 00:27:00.027555 - User: mac - Path: /admin/chats/conversation/
2025-09-28 00:27:00.123156 - User: mac - Path: /admin/jsi18n/
2025-09-28 00:27:12.668583 - User: mac - Path: /admin/chats/conversation/54d415f4-b206-4d75-9783-55906d652bc2/change/
2025-09-28 00:27:12.759604 - User: mac - Path: /admin/jsi18n/
2025-09-28 00:27:34.146608 - User: mac - Path: /api/
2025-09-28 00:27:37.254420 - User: mac - Path: /api/conversations/
2025-09-28 00:30:13.488427 - User: mac - Path: /admin/chats/conversation/54d415f4-b206-4d75-9783-55906d652bc2/change/
2025-09-28 00:30:22.468642 - User: mac - Path: /admin/chats/conversation/
2025-10-03 09:55:30.376191 - User: Anonymous - Path: /admin/
2025-10-03 09:55:30.390549 - User: Anonymous - Path: /admin/login/
2025-10-03 09:55:31.847721 - User: Anonymous - Path: /favicon.ico
2025-10-03 09:55:34.806647 - User: Anonymous - Path: /admin/login/
2025-10-03 09:55:36.043502 - User: mac - Path: /admin/
2025-10-03 09:57:30.971282 - User: mac - Path: /admin/
2025-10-03 09:57:35.935397 - User: mac - Path: /admin/chats/user/
2025-10-03 09:57:36.072455 - User: mac - Path: /admin/jsi18n/
2025-10-03 09:57:39.216193 - User: mac - Path: /admin/
2025-10-03 09:57:44.166224 - User: mac - Path: /admin/chats/user/
2025-10-03 09:57:44.221549 - User: mac - Path: /admin/jsi18n/
2025-10-03 09:57:46.829851 - User: mac - Path: /admin/chats/user/49768d4b-aca3-4312-a62b-26da836f44aa/change/
2025-10-03 09:57:47.245626 - User: mac - Path: /admin/jsi18n/
2025-10-03 09:57:59.545461 - User: mac - Path: /admin/chats/user/49768d4b-aca3-4312-a62b-26da836f44aa/change/
2025-10-03 09:57:59.770865 - User: mac - Path: /admin/chats/user/
2025-10-03 09:57:59.880029 - User: mac - Path: /admin/jsi18n/
2025-10-03 09:58:10.899748 - User: mac - Path: /admin/chats/user/
2025-10-03 09:58:10.964453 - User: mac - Path: /admin/jsi18n/
2025-10-03 09:58:17.883871 - User: mac - Path: /admin/chats/user/
2025-10-03 09:58:20.611172 - User: mac - Path: /admin/chats/user/
2025-10-03 09:58:27.897383 - User: mac - Path: /admin/chats/user/
2025-10-03 09:58:27.986611 - User: mac - Path: /admin/jsi18n/
2025-10-03 10:00:25.210195 - User: mac - Path: /admin/
2025-10-03 10:00:27.868659 - User: mac - Path: /admin/messaging/message/
2025-10-03 10:00:27.941641 - User: mac - Path: /admin/jsi18n/
2025-10-03 10:00:29.820924 - User: mac - Path: /admin/messaging/message/add/
2025-10-03 10:00:29.928331 - User: mac - Path: /admin/jsi18n/
2025-10-03 10:00:44.297634 - User: mac - Path: /admin/messaging/message/add/
2025-10-03 10:01:32.308771 - User: mac - Path: /admin/messaging/message/add/
2025-10-03 10:02:31.165681 - User: mac - Path: /admin/messaging/message/add/
2025-10-03 10:02:58.617288 - User: mac - Path: /admin/messaging/message/add/
2025-10-03 10:05:53.887323 - User: mac - Path: /admin/messaging/message/add/
2025-10-03 10:05:54.014484 - User: mac - Path: /admin/messaging/message/
2025-10-03 10:05:54.140833 - User: mac - Path: /admin/jsi18n/
2025-10-04 02:13:22.762826 - User: mac - Path: /admin/
2025-10-04 02:13:23.714679 - User: mac - Path: /admin/
2025-10-04 02:13:24.885659 - User: mac - Path: /favicon.ico
2025-10-04 02:14:18.056646 - User: mac - Path: /admin/
2025-10-04 02:14:18.416800 - User: mac - Path: /favicon.ico
2025-10-04 02:14:54.002461 - User: mac - Path: /admin/
2025-10-04 02:14:54.571192 - User: mac - Path: /favicon.ico
2025-10-04 02:14:58.363146 - User: mac - Path: /admin/messaging/message/
2025-10-04 02:14:58.493772 - User: mac - Path: /admin/jsi18n/
2025-10-04 02:15:03.351422 - User: mac - Path: /admin/messaging/message/1/change/
2025-10-04 02:15:03.450070 - User: mac - Path: /admin/jsi18n/
2025-10-04 02:15:16.598892 - User: mac - Path: /admin/messaging/message/1/change/
2025-10-04 02:15:16.930321 - User: mac - Path: /admin/messaging/message/
2025-10-04 02:15:17.026975 - User: mac - Path: /admin/jsi18n/
2025-10-04 02:16:28.975021 - User: mac - Path: /admin/messaging/message/1/change/
2025-10-04 02:16:29.077841 - User: mac - Path: /admin/jsi18n/
2025-10-04 02:16:38.382067 - User: mac - Path: /admin/messaging/message/1/change/
2025-10-04 02:16:38.499517 - User: mac - Path: /admin/messaging/message/
2025-10-04 02:16:38.598128 - User: mac - Path: /admin/jsi18n/
